// Vitest Snapshot v1, https://vitest.dev/guide/snapshot.html

exports[`App > После нажатия кнопки отображается элемент 1`] = `
<DocumentFragment>
  <h1>
    Films :
  </h1>
  <br />
  <ul>
    <ol>
      <h2>
        DR.Strange
      </h2>
      <h4>
        Lorem ipsum dolor sit amet consectetur, adipisicing elit. Quisquam, magni/
      </h4>
    </ol>
    <ol>
      <h2>
        Harry Potter
      </h2>
      <h4>
        Lorem ipsum dolor sit amet consectetur, adipisicing elit. Quisquam, magni/
      </h4>
    </ol>
    <ol>
      <h2>
        Star Wars
      </h2>
      <h4>
        Lorem ipsum dolor sit amet consectetur, adipisicing elit. Quisquam, magni/
      </h4>
    </ol>
  </ul>
  <button
    data-testid="button-change-id"
  >
    add Movie "Harry"
  </button>
  <button
    data-testid="button-filter-id"
  >
    Filter Movies
  </button>
</DocumentFragment>
`;
